{"synthetic": false,
 "schemaVersion": "2025-09-10",
 "outputs":
 {"o": ["6a960916de2e2637.olean"],
  "m": false,
  "i": "c65c30b77068874e.ilean",
  "c": "9a92e92e921e10f9.c"},
 "log":
 [{"message":
   ".> LEAN_PATH=/Users/shaanp/Documents/GitHub/composed-zk-benchmark-os/formal/math-discovery-refinement-v2/.lake/build/lib/lean /Users/shaanp/.elan/toolchains/leanprover--lean4---v4.30.0/bin/lean /Users/shaanp/Documents/GitHub/composed-zk-benchmark-os/formal/math-discovery-refinement-v2/MathDiscovery.lean -o /Users/shaanp/Documents/GitHub/composed-zk-benchmark-os/formal/math-discovery-refinement-v2/.lake/build/lib/lean/MathDiscovery.olean -i /Users/shaanp/Documents/GitHub/composed-zk-benchmark-os/formal/math-discovery-refinement-v2/.lake/build/lib/lean/MathDiscovery.ilean -c /Users/shaanp/Documents/GitHub/composed-zk-benchmark-os/formal/math-discovery-refinement-v2/.lake/build/ir/MathDiscovery.c --setup /Users/shaanp/Documents/GitHub/composed-zk-benchmark-os/formal/math-discovery-refinement-v2/.lake/build/ir/MathDiscovery.setup.json --json",
   "level": "trace"}],
 "inputs":
 [["MathDiscovery:deps",
   [["deps",
     [["«math-discovery-refinement-v2»/MathDiscovery:extraDep",
       [["@«math-discovery-refinement-v2»:extraDep", "00000000000006bb"]]],
      ["imports",
       [["MathDiscovery.RefinementWitness transitive imports (legacy)",
         "00000000000006bb"],
        ["MathDiscovery.RefinementWitness:importAllArts",
         "960af2aa6fb407ac"]]]]],
    ["libs",
     [["import dynlibs", "00000000000006bb"],
      ["package external libraries", "00000000000006bb"],
      ["module dynlibs", "00000000000006bb"],
      ["module plugins", "00000000000006bb"]]]]],
  ["Lean 4.30.0, commit d024af099ca4bf2c86f649261ebf59565dc8c622",
   "2f4703bb19086252"],
  ["/Users/shaanp/Documents/GitHub/composed-zk-benchmark-os/formal/math-discovery-refinement-v2/MathDiscovery.lean",
   "9c36a9ef719b8ee8"],
  ["options", "00000000000006bb"],
  ["isModule: false", "feefd2a0d3a1847e"],
  ["Module.name: MathDiscovery", "941fab3184429dc0"],
  ["Package.id?: (some math-discovery-refinement-v2)", "45cbf0ec9a80ee06"],
  ["Module.leanArgs: #[]", "00000000000006bb"]],
 "depHash": "ae81561155f1f2fb"}