{"synthetic": false,
 "schemaVersion": "2025-09-10",
 "outputs":
 {"o": ["2df107de957aef48.olean"],
  "m": false,
  "i": "de1453e95ec0a115.ilean",
  "c": "672a62557a493111.c"},
 "log":
 [{"message":
   ".> LEAN_PATH=/Users/shaanp/Documents/GitHub/composed-zk-benchmark-os/formal/math-discovery-refinement-v2/.lake/build/lib/lean /Users/shaanp/.elan/toolchains/leanprover--lean4---v4.30.0/bin/lean /Users/shaanp/Documents/GitHub/composed-zk-benchmark-os/formal/math-discovery-refinement-v2/MathDiscovery/RefinementWitness.lean -o /Users/shaanp/Documents/GitHub/composed-zk-benchmark-os/formal/math-discovery-refinement-v2/.lake/build/lib/lean/MathDiscovery/RefinementWitness.olean -i /Users/shaanp/Documents/GitHub/composed-zk-benchmark-os/formal/math-discovery-refinement-v2/.lake/build/lib/lean/MathDiscovery/RefinementWitness.ilean -c /Users/shaanp/Documents/GitHub/composed-zk-benchmark-os/formal/math-discovery-refinement-v2/.lake/build/ir/MathDiscovery/RefinementWitness.c --setup /Users/shaanp/Documents/GitHub/composed-zk-benchmark-os/formal/math-discovery-refinement-v2/.lake/build/ir/MathDiscovery/RefinementWitness.setup.json --json",
   "level": "trace"}],
 "inputs":
 [["MathDiscovery.RefinementWitness:deps",
   [["deps",
     [["«math-discovery-refinement-v2»/MathDiscovery:extraDep",
       [["@«math-discovery-refinement-v2»:extraDep", "00000000000006bb"]]],
      ["imports", "00000000000006bb"]]],
    ["libs",
     [["import dynlibs", "00000000000006bb"],
      ["package external libraries", "00000000000006bb"],
      ["module dynlibs", "00000000000006bb"],
      ["module plugins", "00000000000006bb"]]]]],
  ["Lean 4.30.0, commit d024af099ca4bf2c86f649261ebf59565dc8c622",
   "2f4703bb19086252"],
  ["/Users/shaanp/Documents/GitHub/composed-zk-benchmark-os/formal/math-discovery-refinement-v2/MathDiscovery/RefinementWitness.lean",
   "ff96e936f16b4b60"],
  ["options", "00000000000006bb"],
  ["isModule: false", "feefd2a0d3a1847e"],
  ["Module.name: MathDiscovery.RefinementWitness", "12badeb51703ccb1"],
  ["Package.id?: (some math-discovery-refinement-v2)", "45cbf0ec9a80ee06"],
  ["Module.leanArgs: #[]", "00000000000006bb"]],
 "depHash": "e38426b87b75b861"}